rustc 1.94.0 (4a4ef493e 2026-03-02)
cargo 1.94.0 (85eff7c80 2026-01-15)
at-spi2-core	2.46.0-5
fonts-dejavu-core	2.37-6
imagemagick	8:6.9.11.60+dfsg-1.6+deb12u13
python3-pil:amd64	9.4.0-1.1+deb12u1
python3-pyatspi	2.46.0-2
x11-utils	7.7+5
xdotool	1:3.20160805.1-5
xvfb	2:21.1.7-3+deb12u13
    Finished `dev` profile [unoptimized + debuginfo] target(s) in 2.38s
45e108d2a6782e57d2bae38764d2c7190d716dae8af76cef14e6d58041ceebc1  /opt/target/debug/spocky-ui-desktop
dbus-daemon[29]: [session uid=0 pid=29] Activating service name='org.a11y.Bus' requested by ':1.0' (uid=0 pid=37 comm="/opt/target/debug/spocky-ui-desktop" label="docker-default (enforce)")
dbus-daemon[29]: [session uid=0 pid=29] Successfully activated service 'org.a11y.Bus'
dbus-daemon[29]: [session uid=0 pid=29] Activating service name='org.freedesktop.portal.Desktop' requested by ':1.2' (uid=0 pid=37 comm="/opt/target/debug/spocky-ui-desktop" label="docker-default (enforce)")
dbus-daemon[29]: [session uid=0 pid=29] Activating service name='org.freedesktop.portal.Documents' requested by ':1.3' (uid=0 pid=82 comm="/usr/libexec/xdg-desktop-portal" label="docker-default (enforce)")
dbus-daemon[29]: [session uid=0 pid=29] Activating service name='org.freedesktop.impl.portal.PermissionStore' requested by ':1.4' (uid=0 pid=88 comm="/usr/libexec/xdg-document-portal" label="docker-default (enforce)")
dbus-daemon[29]: [session uid=0 pid=29] Successfully activated service 'org.freedesktop.impl.portal.PermissionStore'
dbus-daemon[29]: [session uid=0 pid=29] Successfully activated service 'org.freedesktop.portal.Documents'
fusermount3: fuse device not found, try 'modprobe fuse' first
error: fuse init failed: Can't mount path /root/.cache/doc
dbus-daemon[29]: [session uid=0 pid=29] Activating service name='org.freedesktop.impl.portal.desktop.gtk' requested by ':1.3' (uid=0 pid=82 comm="/usr/libexec/xdg-desktop-portal" label="docker-default (enforce)")

(xdg-desktop-portal-gtk:101): Gtk-WARNING **: 11:58:50.238: cannot open display: 
dbus-daemon[29]: [session uid=0 pid=29] Activated service 'org.freedesktop.impl.portal.desktop.gtk' failed: Process org.freedesktop.impl.portal.desktop.gtk exited with status 1

(/usr/libexec/xdg-desktop-portal:82): xdg-desktop-portal-WARNING **: 11:58:50.256: Failed to create RealtimeKit proxy: Could not connect: No such file or directory
dbus-daemon[29]: [session uid=0 pid=29] Activating service name='org.freedesktop.impl.portal.desktop.gtk' requested by ':1.3' (uid=0 pid=82 comm="/usr/libexec/xdg-desktop-portal" label="docker-default (enforce)")

(xdg-desktop-portal-gtk:109): Gtk-WARNING **: 11:58:50.275: cannot open display: 
dbus-daemon[29]: [session uid=0 pid=29] Activated service 'org.freedesktop.impl.portal.desktop.gtk' failed: Process org.freedesktop.impl.portal.desktop.gtk exited with status 1

(/usr/libexec/xdg-desktop-portal:82): xdg-desktop-portal-WARNING **: 11:58:50.278: Failed to create settings proxy: Error calling StartServiceByName for org.freedesktop.impl.portal.desktop.gtk: Process org.freedesktop.impl.portal.desktop.gtk exited with status 1

(/usr/libexec/xdg-desktop-portal:82): xdg-desktop-portal-WARNING **: 11:58:50.278: No skeleton to export
dbus-daemon[29]: [session uid=0 pid=29] Activating service name='org.freedesktop.impl.portal.desktop.gtk' requested by ':1.3' (uid=0 pid=82 comm="/usr/libexec/xdg-desktop-portal" label="docker-default (enforce)")

(xdg-desktop-portal-gtk:111): Gtk-WARNING **: 11:58:50.298: cannot open display: 
dbus-daemon[29]: [session uid=0 pid=29] Activated service 'org.freedesktop.impl.portal.desktop.gtk' failed: Process org.freedesktop.impl.portal.desktop.gtk exited with status 1

(/usr/libexec/xdg-desktop-portal:82): xdg-desktop-portal-WARNING **: 11:58:50.301: Failed to create file chooser proxy: Error calling StartServiceByName for org.freedesktop.impl.portal.desktop.gtk: Process org.freedesktop.impl.portal.desktop.gtk exited with status 1

(/usr/libexec/xdg-desktop-portal:82): xdg-desktop-portal-WARNING **: 11:58:50.301: No skeleton to export
dbus-daemon[29]: [session uid=0 pid=29] Activating service name='org.freedesktop.impl.portal.desktop.gtk' requested by ':1.3' (uid=0 pid=82 comm="/usr/libexec/xdg-desktop-portal" label="docker-default (enforce)")

(xdg-desktop-portal-gtk:113): Gtk-WARNING **: 11:58:50.325: cannot open display: 
dbus-daemon[29]: [session uid=0 pid=29] Activated service 'org.freedesktop.impl.portal.desktop.gtk' failed: Process org.freedesktop.impl.portal.desktop.gtk exited with status 1

(/usr/libexec/xdg-desktop-portal:82): xdg-desktop-portal-WARNING **: 11:58:50.330: Failed to create app chooser proxy: Error calling StartServiceByName for org.freedesktop.impl.portal.desktop.gtk: Process org.freedesktop.impl.portal.desktop.gtk exited with status 1

(/usr/libexec/xdg-desktop-portal:82): xdg-desktop-portal-WARNING **: 11:58:50.330: No skeleton to export
dbus-daemon[29]: [session uid=0 pid=29] Activating service name='org.freedesktop.impl.portal.desktop.gtk' requested by ':1.3' (uid=0 pid=82 comm="/usr/libexec/xdg-desktop-portal" label="docker-default (enforce)")

(xdg-desktop-portal-gtk:115): Gtk-WARNING **: 11:58:50.354: cannot open display: 
dbus-daemon[29]: [session uid=0 pid=29] Activated service 'org.freedesktop.impl.portal.desktop.gtk' failed: Process org.freedesktop.impl.portal.desktop.gtk exited with status 1

(/usr/libexec/xdg-desktop-portal:82): xdg-desktop-portal-WARNING **: 11:58:50.358: Failed to create print proxy: Error calling StartServiceByName for org.freedesktop.impl.portal.desktop.gtk: Process org.freedesktop.impl.portal.desktop.gtk exited with status 1

(/usr/libexec/xdg-desktop-portal:82): xdg-desktop-portal-WARNING **: 11:58:50.358: No skeleton to export
dbus-daemon[29]: [session uid=0 pid=29] Activating service name='org.freedesktop.impl.portal.desktop.gtk' requested by ':1.3' (uid=0 pid=82 comm="/usr/libexec/xdg-desktop-portal" label="docker-default (enforce)")

(xdg-desktop-portal-gtk:121): Gtk-WARNING **: 11:58:50.384: cannot open display: 
dbus-daemon[29]: [session uid=0 pid=29] Activated service 'org.freedesktop.impl.portal.desktop.gtk' failed: Process org.freedesktop.impl.portal.desktop.gtk exited with status 1

(/usr/libexec/xdg-desktop-portal:82): xdg-desktop-portal-WARNING **: 11:58:50.389: Failed to create notification proxy: Error calling StartServiceByName for org.freedesktop.impl.portal.desktop.gtk: Process org.freedesktop.impl.portal.desktop.gtk exited with status 1

(/usr/libexec/xdg-desktop-portal:82): xdg-desktop-portal-WARNING **: 11:58:50.389: No skeleton to export
dbus-daemon[29]: [session uid=0 pid=29] Activating service name='org.freedesktop.impl.portal.desktop.gtk' requested by ':1.3' (uid=0 pid=82 comm="/usr/libexec/xdg-desktop-portal" label="docker-default (enforce)")

(xdg-desktop-portal-gtk:123): Gtk-WARNING **: 11:58:50.418: cannot open display: 
dbus-daemon[29]: [session uid=0 pid=29] Activated service 'org.freedesktop.impl.portal.desktop.gtk' failed: Process org.freedesktop.impl.portal.desktop.gtk exited with status 1

(/usr/libexec/xdg-desktop-portal:82): xdg-desktop-portal-WARNING **: 11:58:50.422: Failed to create inhibit proxy: Error calling StartServiceByName for org.freedesktop.impl.portal.desktop.gtk: Process org.freedesktop.impl.portal.desktop.gtk exited with status 1

(/usr/libexec/xdg-desktop-portal:82): xdg-desktop-portal-WARNING **: 11:58:50.422: No skeleton to export
dbus-daemon[29]: [session uid=0 pid=29] Activating service name='org.freedesktop.impl.portal.desktop.gtk' requested by ':1.3' (uid=0 pid=82 comm="/usr/libexec/xdg-desktop-portal" label="docker-default (enforce)")

(xdg-desktop-portal-gtk:125): Gtk-WARNING **: 11:58:50.446: cannot open display: 
dbus-daemon[29]: [session uid=0 pid=29] Activated service 'org.freedesktop.impl.portal.desktop.gtk' failed: Process org.freedesktop.impl.portal.desktop.gtk exited with status 1

(/usr/libexec/xdg-desktop-portal:82): xdg-desktop-portal-WARNING **: 11:58:50.451: Failed to create access proxy: Error calling StartServiceByName for org.freedesktop.impl.portal.desktop.gtk: Process org.freedesktop.impl.portal.desktop.gtk exited with status 1

(/usr/libexec/xdg-desktop-portal:82): xdg-desktop-portal-WARNING **: 11:58:50.451: No skeleton to export
dbus-daemon[29]: [session uid=0 pid=29] Activating service name='org.freedesktop.impl.portal.desktop.gtk' requested by ':1.3' (uid=0 pid=82 comm="/usr/libexec/xdg-desktop-portal" label="docker-default (enforce)")

(xdg-desktop-portal-gtk:127): Gtk-WARNING **: 11:58:50.488: cannot open display: 
dbus-daemon[29]: [session uid=0 pid=29] Activated service 'org.freedesktop.impl.portal.desktop.gtk' failed: Process org.freedesktop.impl.portal.desktop.gtk exited with status 1

(/usr/libexec/xdg-desktop-portal:82): xdg-desktop-portal-WARNING **: 11:58:50.497: Failed to create access proxy: Error calling StartServiceByName for org.freedesktop.impl.portal.desktop.gtk: Process org.freedesktop.impl.portal.desktop.gtk exited with status 1

(/usr/libexec/xdg-desktop-portal:82): xdg-desktop-portal-WARNING **: 11:58:50.497: No skeleton to export
[W][02158.687125] pw.conf      | [          conf.c:  939 try_load_conf()] can't load config client.conf: No such file or directory
[E][02158.687216] pw.conf      | [          conf.c:  963 pw_conf_load_conf_for_context()] can't load default config client.conf: No such file or directory

(/usr/libexec/xdg-desktop-portal:82): xdg-desktop-portal-WARNING **: 11:58:50.499: Failed connect to PipeWire: Couldn't create PipeWire context
dbus-daemon[29]: [session uid=0 pid=29] Activating service name='org.freedesktop.impl.portal.desktop.gtk' requested by ':1.3' (uid=0 pid=82 comm="/usr/libexec/xdg-desktop-portal" label="docker-default (enforce)")

(xdg-desktop-portal-gtk:133): Gtk-WARNING **: 11:58:50.522: cannot open display: 
dbus-daemon[29]: [session uid=0 pid=29] Activated service 'org.freedesktop.impl.portal.desktop.gtk' failed: Process org.freedesktop.impl.portal.desktop.gtk exited with status 1

(/usr/libexec/xdg-desktop-portal:82): xdg-desktop-portal-WARNING **: 11:58:50.528: Failed to create account proxy: Error calling StartServiceByName for org.freedesktop.impl.portal.desktop.gtk: Process org.freedesktop.impl.portal.desktop.gtk exited with status 1

(/usr/libexec/xdg-desktop-portal:82): xdg-desktop-portal-WARNING **: 11:58:50.528: No skeleton to export
dbus-daemon[29]: [session uid=0 pid=29] Activating service name='org.freedesktop.impl.portal.desktop.gtk' requested by ':1.3' (uid=0 pid=82 comm="/usr/libexec/xdg-desktop-portal" label="docker-default (enforce)")

(xdg-desktop-portal-gtk:135): Gtk-WARNING **: 11:58:50.558: cannot open display: 
dbus-daemon[29]: [session uid=0 pid=29] Activated service 'org.freedesktop.impl.portal.desktop.gtk' failed: Process org.freedesktop.impl.portal.desktop.gtk exited with status 1

(/usr/libexec/xdg-desktop-portal:82): xdg-desktop-portal-WARNING **: 11:58:50.561: Failed to create email proxy: Error calling StartServiceByName for org.freedesktop.impl.portal.desktop.gtk: Process org.freedesktop.impl.portal.desktop.gtk exited with status 1

(/usr/libexec/xdg-desktop-portal:82): xdg-desktop-portal-WARNING **: 11:58:50.561: No skeleton to export
dbus-daemon[29]: [session uid=0 pid=29] Activating service name='org.freedesktop.impl.portal.desktop.gtk' requested by ':1.3' (uid=0 pid=82 comm="/usr/libexec/xdg-desktop-portal" label="docker-default (enforce)")

(xdg-desktop-portal-gtk:137): Gtk-WARNING **: 11:58:50.627: cannot open display: 
dbus-daemon[29]: [session uid=0 pid=29] Activated service 'org.freedesktop.impl.portal.desktop.gtk' failed: Process org.freedesktop.impl.portal.desktop.gtk exited with status 1

(/usr/libexec/xdg-desktop-portal:82): xdg-desktop-portal-WARNING **: 11:58:50.631: Failed to create dynamic_launcher proxy: Error calling StartServiceByName for org.freedesktop.impl.portal.desktop.gtk: Process org.freedesktop.impl.portal.desktop.gtk exited with status 1

(/usr/libexec/xdg-desktop-portal:82): xdg-desktop-portal-WARNING **: 11:58:50.631: No skeleton to export
dbus-daemon[29]: [session uid=0 pid=29] Successfully activated service 'org.freedesktop.portal.Desktop'
dbus-daemon[75]: Activating service name='org.a11y.atspi.Registry' requested by ':1.0' (uid=0 pid=37 comm="/opt/target/debug/spocky-ui-desktop" label="docker-default (enforce)")
dbus-daemon[75]: Successfully activated service 'org.a11y.atspi.Registry'
SpiRegistry daemon is running with well-known name - org.a11y.atspi.Registry
RENDERER_PLATFORM_LINUX_OK
