   Compiling spocky-plugin-pilot v0.1.0 (/Users/stevengonsalvez/orca/workspaces/paseo-rust/phase2-plugin-daemon-rpc/crates/spocky-plugin-pilot)
    Finished `test` profile [unoptimized + debuginfo] target(s) in 1.73s
     Running tests/hook_usage_runtime.rs (crates/spocky-plugin-pilot/.target-daemon-rpc/debug/deps/hook_usage_runtime-1fe795084f0d2718)

running 2 tests
test differential_capture_matches_pinned_hook_usage_and_provider_cases ... ok
test selected_worker_bounds_hung_hooks_and_surfaces_process_death ... ok

test result: ok. 2 passed; 0 failed; 0 ignored; 0 measured; 0 filtered out; finished in 0.62s

     Running tests/plugin_daemon_rpc.rs (crates/spocky-plugin-pilot/.target-daemon-rpc/debug/deps/plugin_daemon_rpc-2b91df86149f760e)

running 3 tests
test optional_wire_fields_distinguish_missing_from_null ... ok
test correlated_errors_match_handler_and_authorization_contracts ... ok
test all_plugin_daemon_messages_roundtrip_with_exact_shapes ... ok

test result: ok. 3 passed; 0 failed; 0 ignored; 0 measured; 0 filtered out; finished in 0.01s

     Running tests/plugin_lifecycle.rs (crates/spocky-plugin-pilot/.target-daemon-rpc/debug/deps/plugin_lifecycle-351e4466e770fe45)

running 3 tests
test stale_review_cannot_replace_changed_installation ... ok
test reviewed_staged_update_activates_exact_revision_and_rolls_back_failure ... ok
test source_identity_contributions_settings_removal_and_restart ... ok

test result: ok. 3 passed; 0 failed; 0 ignored; 0 measured; 0 filtered out; finished in 0.20s

     Running tests/process_protocol.rs (crates/spocky-plugin-pilot/.target-daemon-rpc/debug/deps/process_protocol-a15c97ab59f69eac)

running 2 tests
test every_pinned_plugin_message_shape_roundtrips_strictly ... ok
test every_pinned_host_request_shape_roundtrips_strictly ... ok

test result: ok. 2 passed; 0 failed; 0 ignored; 0 measured; 0 filtered out; finished in 0.00s

     Running tests/protocol_manifest.rs (crates/spocky-plugin-pilot/.target-daemon-rpc/debug/deps/protocol_manifest-63f161d4cbe240f2)

running 2 tests
test client_protocol_serializes_exact_pinned_message_shapes ... ok
test manifest_matches_pinned_paseo_shape_and_infers_entries ... ok

test result: ok. 2 passed; 0 failed; 0 ignored; 0 measured; 0 filtered out; finished in 0.00s

     Running tests/runtime_acquisition.rs (crates/spocky-plugin-pilot/.target-daemon-rpc/debug/deps/runtime_acquisition-a0636b7840a162be)

running 9 tests
test failed_reviewed_runtime_update_preserves_active_state_after_restart ... ok
test git_acquisition_normalizes_host_separators_and_cleans_failed_staging ... ok
test git_acquisition_runs_contribution_process_at_reviewed_revision ... ok
test runtime_rejects_nonzero_exit_after_valid_shutdown_handshake ... ok
test runtime_executes_hooks_usage_provider_reconnect_and_session_frames ... ok
test runtime_exchanges_messages_through_real_node_fork_ipc ... ok
test npm_tarball_acquisition_runs_contribution_process_at_package_version ... ok
test runtime_exposes_all_ready_contributions_and_recovers_after_fatal_message ... ok
test timed_out_node_fork_ipc_reaps_the_plugin_child ... ok

test result: ok. 9 passed; 0 failed; 0 ignored; 0 measured; 0 filtered out; finished in 6.31s

     Running tests/settings_lifecycle.rs (crates/spocky-plugin-pilot/.target-daemon-rpc/debug/deps/settings_lifecycle-694aff90aa418ed9)

running 10 tests
test integer_errors_match_baseline ... ok
test enum_array_and_required_object_errors_match_baseline ... ok
test validation_failure_preserves_disk_and_writer_recovers ... ok
test listener_failures_are_reported_without_failing_saved_write ... ok
test arbitrary_json_schema_defaults_validation_and_async_refinement_match_baseline ... ok
test notifications_are_isolated_and_namespaces_and_definition_ids_stay_separate ... ok
test differential_capture_matches_pinned_settings_cases ... ok
test defaults_atomic_saves_conflicts_restart_and_file_permissions ... ok
test failed_migration_and_corrupt_data_survive_until_explicit_reset ... ok
test migration_persists_once_and_old_definition_rejects_newer_schema ... ok

test result: ok. 10 passed; 0 failed; 0 ignored; 0 measured; 0 filtered out; finished in 0.17s

    Checking spocky-plugin-pilot v0.1.0 (/Users/stevengonsalvez/orca/workspaces/paseo-rust/phase2-plugin-daemon-rpc/crates/spocky-plugin-pilot)
    Finished `dev` profile [unoptimized + debuginfo] target(s) in 0.64s
